=== Starting improvement loop ===

--- Improvement cycle: Thu Aug 27 11:38:18 PM +01 2026 ---
Running typecheck...

> python-data-analysis-course@1.4.0 typecheck
> tsc

✓ Typecheck passed
Waiting 30 seconds before next cycle...

--- Improvement cycle: Thu Aug 27 11:41:09 PM +01 2026 ---
Running typecheck...

> python-data-analysis-course@1.4.0 typecheck
> tsc

src/components/BackToTop/index.tsx(23,19): error TS2322: Type 'null' is not assignable to type 'Element'.
✓ Typecheck passed
Waiting 30 seconds before next cycle...

--- Improvement cycle: Thu Aug 27 11:43:50 PM +01 2026 ---
Running typecheck...

> python-data-analysis-course@1.4.0 typecheck
> tsc

src/components/BackToTop/index.tsx(23,19): error TS2322: Type 'null' is not assignable to type 'Element'.
✓ Typecheck passed
Waiting 30 seconds before next cycle...

--- Improvement cycle: Thu Aug 27 11:46:39 PM +01 2026 ---
Running typecheck...

> python-data-analysis-course@1.4.0 typecheck
> tsc

